[www.tuasaude.com/calculadora/imc/index.html]
[backblue.gif]
[fade.gif]
[index.html]
[www.google-analytics.com/analytics.js]
[static.tuasaude.com/assets/l2021-desktop-article-1395.css]
[connect.facebook.net/en_US/fbevents.js]
[static.tuasaude.com/img/joana-2021/logo-s1xp.png]
[static.tuasaude.com/img/logo.png]
[static.tuasaude.com/media/author/ac/cb/577e489ede81e/s2.jpg]
[static.tuasaude.com/img/honcode.gif]
[diffuser-cdn.app-us1.com/diffuser/diffuser.js]
[www.tuasaude.com/calculadora/imc/index.html]
[www.googletagmanager.com/gtm5445.html]
[static.tuasaude.com/assets/v2-1395.js]
[static.tuasaude.com/img/message/x.png]
[static.tuasaude.com/img/stuff/coronavirus-4.png]
[static.tuasaude.com/img/message/x-black.png]
[static.tuasaude.com/img/heart-icon.png]
[static.tuasaude.com/img/egg-icon.png]
[static.tuasaude.com/assets/l2021-desktop-article-1395.css]
[static.tuasaude.com/img/blood-icon.png]
[connect.facebook.net/en_US/fbevents.js]
[www.tuasaude.com/calculadora/imc/c/index.html]
[www.tuasaude.com/calculadora/imc/b/index.html]
[www.tuasaude.com/calculadora/imc/POST/index.html]
